I'm sorry, but errors were detected in your script. Please correct the
errors listed below, and try again.


File "game/amber_dates.rpy", line 217: Line is followed by a block, despite not being a menu choice. Did you forget a colon at the end of the line?
    "Have you read any other books?"
                                    ^

Ren'Py Version: Ren'Py 8.0.2.22081402
Fri Nov 25 14:21:59 2022
